
> fe@0.1.0 build
> next build

npm :  ÔÜá Warning: Next.js 
inferred your workspace 
root, but it may not be 
correct.
At line:1 char:1
+ npm run build > 
build_error.log 2>&1
+ ~~~~~~~~~~~~~~~~~~~~~~~~~~
~~~~~~~~~~
    + CategoryInfo          
    : NotSpecified: ( ÔÜá   
  Warning: N...not be cor   
 rect.:String) [], Remot    
eException
    + FullyQualifiedErrorId 
    : NativeCommandError
 
 We detected multiple 
lockfiles and selected the 
directory of C:\Users\Acer\p
ackage-lock.json as the 
root directory.
 To silence this warning, 
set `turbopack.root` in 
your Next.js config, or 
consider removing one of 
the lockfiles if it's not 
needed.
   See https://nextjs.org/do
cs/app/api-reference/config/
next-config-js/turbopack#roo
t-directory for more 
information.
 Detected additional 
lockfiles: 
   * C:\Users\Acer\bantuin\f
e-bantuin\package-lock.json

   Ôû▓ Next.js 16.0.10 (Turbopack)
   - Environments: .env

   Creating an optimized production build ...

> Build error occurred
Error: Turbopack build 
failed with 2 errors:
./bantuin/fe-bantuin/app/buy
er/orders/[id]/page.tsx:41:3
Ecmascript file had an error
[0m [90m 39 |[39m   
[33mBan[39m[33m,[39m
 [90m 40 |[39m   [33mMess
ageSquareWarning[39m[33m,
[39m
[31m[1m>[22m[39m[90m 
41 |[39m   
[33mShield[39m[33m,[39m
 [90m    |[39m   [31m[1m
^[22m[39m[31m[1m^[22m[
39m[31m[1m^[22m[39m[31m
[1m^[22m[39m[31m[1m^[2
2m[39m[31m[1m^[22m[39m
 [90m 42 |[39m } 
[36mfrom[39m [32m"lucide-
react"[39m[33m;[39m
 [90m 43 |[39m 
[36mimport[39m { 
[33mAvatar[39m[33m,[39m 
[33mAvatarFallback[39m[33
m,[39m 
[33mAvatarImage[39m } 
[36mfrom[39m [32m"@/compo
nents/ui/avatar"[39m[33m;
[39m
 [90m 44 |[39m 
[36mimport[39m { 
uploadBuyerOrderPhoto } 
[36mfrom[39m [32m"@/lib/u
pload"[39m[33m;[39m[0m

the name `Shield` is 
defined multiple times

Import traces:
  Client Component Browser:
    ./bantuin/fe-bantuin/app
/buyer/orders/[id]/page.tsx 
[Client Component Browser]
    ./bantuin/fe-bantuin/app
/buyer/orders/[id]/page.tsx 
[Server Component]

  Client Component SSR:
    ./bantuin/fe-bantuin/app
/buyer/orders/[id]/page.tsx 
[Client Component SSR]
    ./bantuin/fe-bantuin/app
/buyer/orders/[id]/page.tsx 
[Server Component]


./bantuin/fe-bantuin/app/adm
in/disputes/page.tsx:8:1
Module not found: Can't 
resolve 
'@/components/ui/table'
[0m [90m  6 |[39m 
[36mimport[39m { 
[33mBadge[39m } 
[36mfrom[39m [32m"@/compo
nents/ui/badge"[39m[33m;[
39m
 [90m  7 |[39m 
[36mimport[39m { 
[33mButton[39m } 
[36mfrom[39m [32m"@/compo
nents/ui/button"[39m[33m;
[39m
[31m[1m>[22m[39m[90m  
8 |[39m [36mimport[39m {
 [90m    |[39m [31m[1m^
[22m[39m[31m[1m^[22m[39
m[31m[1m^[22m[39m[31m[
1m^[22m[39m[31m[1m^[22m
[39m[31m[1m^[22m[39m[3
1m[1m^[22m[39m[31m[1m^
[22m[39m
[31m[1m>[22m[39m[90m  
9 |[39m     
[33mTable[39m[33m,[39m
 [90m    |[39m [31m[1m^
[22m[39m[31m[1m^[22m[39
m[31m[1m^[22m[39m[31m[
1m^[22m[39m[31m[1m^[22m
[39m[31m[1m^[22m[39m[3
1m[1m^[22m[39m[31m[1m^
[22m[39m[31m[1m^[22m[39
m[31m[1m^[22m[39m
[31m[1m>[22m[39m[90m 
10 |[39m     [33mTableBody
[39m[33m,[39m
 [90m    |[39m [31m[1m^
[22m[39m[31m[1m^[22m[39
m[31m[1m^[22m[39m[31m[
1m^[22m[39m[31m[1m^[22m
[39m[31m[1m^[22m[39m[3
1m[1m^[22m[39m[31m[1m^
[22m[39m[31m[1m^[22m[39
m[31m[1m^[22m[39m
[31m[1m>[22m[39m[90m 
11 |[39m     [33mTableCell
[39m[33m,[39m
 [90m    |[39m [31m[1m^
[22m[39m[31m[1m^[22m[39
m[31m[1m^[22m[39m[31m[
1m^[22m[39m[31m[1m^[22m
[39m[31m[1m^[22m[39m[3
1m[1m^[22m[39m[31m[1m^
[22m[39m[31m[1m^[22m[39
m[31m[1m^[22m[39m
[31m[1m>[22m[39m[90m 
12 |[39m     [33mTableHead
[39m[33m,[39m
 [90m    |[39m [31m[1m^
[22m[39m[31m[1m^[22m[39
m[31m[1m^[22m[39m[31m[
1m^[22m[39m[31m[1m^[22m
[39m[31m[1m^[22m[39m[3
1m[1m^[22m[39m[31m[1m^
[22m[39m[31m[1m^[22m[39
m[31m[1m^[22m[39m
[31m[1m>[22m[39m[90m 
13 |[39m     [33mTableHead
er[39m[33m,[39m
 [90m    |[39m [31m[1m^
[22m[39m[31m[1m^[22m[39
m[31m[1m^[22m[39m[31m[
1m^[22m[39m[31m[1m^[22m
[39m[31m[1m^[22m[39m[3
1m[1m^[22m[39m[31m[1m^
[22m[39m[31m[1m^[22m[39
m[31m[1m^[22m[39m
[31m[1m>[22m[39m[90m 
14 |[39m     [33mTableRow
[39m[33m,[39m
 [90m    |[39m [31m[1m^
[22m[39m[31m[1m^[22m[39
m[31m[1m^[22m[39m[31m[
1m^[22m[39m[31m[1m^[22m
[39m[31m[1m^[22m[39m[3
1m[1m^[22m[39m[31m[1m^
[22m[39m[31m[1m^[22m[39
m[31m[1m^[22m[39m
[31m[1m>[22m[39m[90m 
15 |[39m } [36mfrom[39m 
[32m"@/components/ui/table"
[39m[33m;[39m
 [90m    |[39m [31m[1m^
[22m[39m[31m[1m^[22m[39
m[31m[1m^[22m[39m[31m[
1m^[22m[39m[31m[1m^[22m
[39m[31m[1m^[22m[39m[3
1m[1m^[22m[39m[31m[1m^
[22m[39m[31m[1m^[22m[39
m[31m[1m^[22m[39m[31m[
1m^[22m[39m[31m[1m^[22m
[39m[31m[1m^[22m[39m[3
1m[1m^[22m[39m[31m[1m^
[22m[39m[31m[1m^[22m[39
m[31m[1m^[22m[39m[31m[
1m^[22m[39m[31m[1m^[22m
[39m[31m[1m^[22m[39m[3
1m[1m^[22m[39m[31m[1m^
[22m[39m[31m[1m^[22m[39
m[31m[1m^[22m[39m[31m[
1m^[22m[39m[31m[1m^[22m
[39m[31m[1m^[22m[39m[3
1m[1m^[22m[39m[31m[1m^
[22m[39m[31m[1m^[22m[39
m[31m[1m^[22m[39m[31m[
1m^[22m[39m
 [90m 16 |[39m 
[36mimport[39m { 
[33mEye[39m } 
[36mfrom[39m [32m"lucide-
react"[39m[33m;[39m
 [90m 17 |[39m 
[36mimport[39m 
[33mLink[39m 
[36mfrom[39m [32m"next/li
nk"[39m[33m;[39m
 [90m 18 |[39m 
[36mimport[39m { useAuth 
} [36mfrom[39m [32m"@/con
texts/AuthContext"[39m[33m
;[39m[0m

Import map: aliased to 
relative 
'./components/ui/table' 
inside of 
[project]/bantuin/fe-bantuin


Import traces:
  Client Component Browser:
    ./bantuin/fe-bantuin/app
/admin/disputes/page.tsx 
[Client Component Browser]
    ./bantuin/fe-bantuin/app
/admin/disputes/page.tsx 
[Server Component]

  Client Component SSR:
    ./bantuin/fe-bantuin/app
/admin/disputes/page.tsx 
[Client Component SSR]
    ./bantuin/fe-bantuin/app
/admin/disputes/page.tsx 
[Server Component]

https://nextjs.org/docs/mess
ages/module-not-found


    at <unknown> (./bantuin/
fe-bantuin/app/buyer/orders/
[id]/page.tsx:41:3)
    at <unknown> (./bantuin/
fe-bantuin/app/admin/dispute
s/page.tsx:8:1)
    at <unknown> (https://ne
xtjs.org/docs/messages/modul
e-not-found)
